---
source: crates/core-invoice/src/models/l10n/localization.rs
expression: "&L10n::new(Language::EN).unwrap()"
---
L10n(
  language: "english",
  content: L10nContent(
    client_info: L10nClientInfo(
      to_company: "To:",
      vat_number: "VAT:",
    ),
    invoice_info: L10nInvoiceInfo(
      purchase_order: "Purchase order:",
      invoice_identifier: "Invoice no:",
      invoice_date: "Invoice date:",
      due_date: "Due date:",
      client_contact: "For the attention of:",
      vendor_contact: "Our reference:",
      terms: "Terms:",
    ),
    vendor_info: L10nVendorInfo(
      address: "Address",
      bank: "Bank",
      iban: "IBAN",
      bic: "BIC",
      organisation_number: "Org. No.",
      vat_number: "VAT No.",
    ),
    line_items: L10nLineItems(
      description: "Item",
      when: "When",
      quantity: "Quantity",
      unit_price: "Unit price",
      total_cost: "Total cost",
      grand_total: "Grand Total:",
    ),
    month_names: ("January", "February", "March", "April", "May", "June", "July", "August", "September", "October", "November", "December"),
  ),
)
